warning: unused import: `thiserror::Error`
 --> spark-note-core/src/error.rs:7:5
  |
7 | use thiserror::Error;
  |     ^^^^^^^^^^^^^^^^
  |
  = note: `#[warn(unused_imports)]` on by default

warning: unused import: `ark_crypto_primitives::sponge::poseidon::PoseidonSponge`
 --> spark-note-core/src/note.rs:2:5
  |
2 | use ark_crypto_primitives::sponge::poseidon::PoseidonSponge;
  |     ^^^^^^^^^^^^^^^^^^^^^^^^^^^^^^^^^^^^^^^^^^^^^^^^^^^^^^^

warning: unused import: `ark_crypto_primitives::sponge::CryptographicSponge`
 --> spark-note-core/src/note.rs:3:5
  |
3 | use ark_crypto_primitives::sponge::CryptographicSponge;
  |     ^^^^^^^^^^^^^^^^^^^^^^^^^^^^^^^^^^^^^^^^^^^^^^^^^^

warning: field `leaves` is never read
  --> spark-note-core/src/crypto.rs:28:5
   |
27 | pub struct MerkleTree {
   |            ---------- field in this struct
28 |     leaves: Vec<BlsFr>,
   |     ^^^^^^
   |
   = note: `#[warn(dead_code)]` on by default

warning: `spark-note-sdk` (lib) generated 4 warnings (run `cargo fix --lib -p spark-note-sdk` to apply 2 suggestions)
warning: unused import: `std::sync::Arc`
 --> spark-note-core/examples/ghostnet_demo.rs:4:5
  |
4 | use std::sync::Arc;
  |     ^^^^^^^^^^^^^^
  |
  = note: `#[warn(unused_imports)]` on by default

warning: unused import: `ark_serialize::CanonicalSerialize`
   --> spark-note-core/src/note.rs:177:9
    |
177 |     use ark_serialize::CanonicalSerialize;
    |         ^^^^^^^^^^^^^^^^^^^^^^^^^^^^^^^^^

warning: `spark-note-sdk` (example "ghostnet_demo") generated 1 warning (run `cargo fix --example "ghostnet_demo"` to apply 1 suggestion)
warning: `spark-note-sdk` (lib test) generated 5 warnings (4 duplicates) (run `cargo fix --lib -p spark-note-sdk --tests` to apply 1 suggestion)
    Finished `test` profile [unoptimized + debuginfo] target(s) in 0.37s
warning: the following packages contain code that will be rejected by a future version of Rust: parse-display-derive v0.4.1
note: to see what the problems were, use the option `--future-incompat-report`, or run `cargo report future-incompatibilities --id 1`
     Running unittests src/lib.rs (target/debug/deps/spark_note_sdk-b08746a77794148b)

running 73 tests
test crypto::tests::test_constant_time_eq_array ... ok
test crypto::tests::test_constant_time_eq_different ... ok
test crypto::tests::test_constant_time_eq_different_length ... ok
test crypto::tests::test_constant_time_eq_equal ... ok
test crypto::tests::test_generators_are_different ... ok
test error::tests::test_error_codes ... ok
test crypto::tests::test_pedersen_commit_u64_deterministic ... ok
test error::tests::test_error_serialization ... ok
test crypto::tests::test_pedersen_commit_u64_produces_32_bytes ... ok
test manager::tests::test_add_note_duplicate_id ... ok
test manager::tests::test_add_note ... ok
test crypto::tests::test_pedersen_commit_different_values ... ok
test manager::tests::test_generate_nullifier_for_note ... ok
test manager::tests::test_note_manager_new ... ok
test manager::tests::test_get_note ... ok
test manager::tests::test_list_notes ... ok
test crypto::tests::test_pedersen_commit_deterministic ... ok
test note::tests::test_create_note_empty_secret_fails ... ok
test note::tests::test_create_note_zero_value_fails ... ok
test note::tests::test_commitment_consistency ... ok
test manager::tests::test_mark_note_as_spent ... ok
test note::tests::test_create_note ... ok
test crypto::tests::test_pedersen_commit_different_blindings ... ok
test note::tests::test_different_values_different_commitments ... ok
test note::tests::test_different_secrets_different_commitments ... ok
test crypto::tests::test_pedersen_homomorphic ... ok
test manager::tests::test_persistence ... ok
test nullifier::tests::test_check_multiple_nullifiers ... ok
test nullifier::tests::test_different_secrets_different_nullifiers ... ok
test nullifier::tests::test_full_workflow ... ok
test nullifier::tests::test_generate_nullifier ... ok
test nullifier::tests::test_get_nullifier_set_size ... ok
test nullifier::tests::test_get_nullifier_set_stats ... ok
test nullifier::tests::test_is_nullifier_spent_in_set ... ok
test nullifier::tests::test_is_nullifier_spent_not_in_set ... ok
test nullifier::tests::test_mark_as_spent ... ok
test nullifier::tests::test_mark_as_spent_already_spent ... ok
test nullifier::tests::test_mark_multiple_as_spent ... ok
test nullifier::tests::test_mark_multiple_as_spent_already_spent ... ok
test nullifier::tests::test_nullifier_consistency ... ok
test nullifier::tests::test_nullifier_set ... ok
test nullifier_type::tests::test_nullifier_from_slice ... ok
test nullifier_type::tests::test_nullifier_hash ... ok
test nullifier_type::tests::test_nullifier_wrong_length ... ok
test rng::tests::test_generate_random_bytes ... ok
test rng::tests::test_generate_secret ... ok
test rng::tests::test_generate_secret_custom_length ... ok
test rng::tests::test_generate_secret_uniqueness ... ok
test secret::tests::test_secret_creation ... ok
test secret::tests::test_secret_from_vec ... ok
test secret::tests::test_secret_zeroization ... ok
test serialization::tests::test_export_import_nullifier_set ... ok
test serialization::tests::test_import_invalid_hex ... ok
test serialization::tests::test_import_invalid_json ... ok
test tests::test_integration_workflow ... ok
test tests::test_multiple_notes_unique_nullifiers ... ok
test tests::test_uniffi_exports ... ok
test validation::tests::test_validate_nullifier_empty ... ok
test validation::tests::test_validate_nullifier_valid ... ok
test validation::tests::test_validate_nullifier_wrong_length ... ok
test validation::tests::test_validate_secret_empty ... ok
test validation::tests::test_validate_secret_too_long ... ok
test validation::tests::test_validate_secret_too_short ... ok
test validation::tests::test_validate_secret_valid ... ok
test validation::tests::test_validate_value_valid ... ok
test validation::tests::test_validate_value_zero ... ok
test note_prop_test::test_commitment_binding ... ok
test note_prop_test::test_nullifier_generation_deterministic ... ok
test note_prop_test::test_commitment_deterministic ... ok
test note_prop_test::test_nullifier_different_secrets_different_nullifiers ... ok
test note_prop_test::test_commitment_different_secrets_different_commitments ... ok
test note_prop_test::test_commitment_different_values_different_commitments ... ok
test crypto::tests::test_spending_proof_valid ... ok

test result: ok. 73 passed; 0 failed; 0 ignored; 0 measured; 0 filtered out; finished in 16.84s

   Doc-tests spark_note_sdk

running 3 tests
test spark-note-core/src/nullifier.rs - nullifier::mark_multiple_as_spent (line 133) ... FAILED
test spark-note-core/src/lib.rs - (line 15) ... FAILED
test spark-note-core/src/nullifier.rs - nullifier::check_multiple_nullifiers (line 101) ... FAILED

failures:

---- spark-note-core/src/nullifier.rs - nullifier::mark_multiple_as_spent (line 133) stdout ----
error[E0433]: failed to resolve: use of unresolved module or unlinked crate `spark_note_core`
 --> spark-note-core/src/nullifier.rs:135:5
  |
4 | use spark_note_core::nullifier::mark_multiple_as_spent;
  |     ^^^^^^^^^^^^^^^ use of unresolved module or unlinked crate `spark_note_core`
  |
help: there is a crate or module with a similar name
  |
4 - use spark_note_core::nullifier::mark_multiple_as_spent;
4 + use spark_note_sdk::nullifier::mark_multiple_as_spent;
  |

error: aborting due to 1 previous error

For more information about this error, try `rustc --explain E0433`.
Couldn't compile the test.
---- spark-note-core/src/lib.rs - (line 15) stdout ----
error[E0433]: failed to resolve: use of unresolved module or unlinked crate `spark_note_core`
 --> spark-note-core/src/lib.rs:16:5
  |
3 | use spark_note_core::note::{create_note, note_commitment};
  |     ^^^^^^^^^^^^^^^ use of unresolved module or unlinked crate `spark_note_core`
  |
help: there is a crate or module with a similar name
  |
3 - use spark_note_core::note::{create_note, note_commitment};
3 + use spark_note_sdk::note::{create_note, note_commitment};
  |

error[E0433]: failed to resolve: use of unresolved module or unlinked crate `spark_note_core`
 --> spark-note-core/src/lib.rs:17:5
  |
4 | use spark_note_core::nullifier::{generate_nullifier, is_nullifier_spent};
  |     ^^^^^^^^^^^^^^^ use of unresolved module or unlinked crate `spark_note_core`
  |
help: there is a crate or module with a similar name
  |
4 - use spark_note_core::nullifier::{generate_nullifier, is_nullifier_spent};
4 + use spark_note_sdk::nullifier::{generate_nullifier, is_nullifier_spent};
  |

error[E0433]: failed to resolve: use of unresolved module or unlinked crate `spark_note_core`
 --> spark-note-core/src/lib.rs:18:5
  |
5 | use spark_note_core::secret::Secret;
  |     ^^^^^^^^^^^^^^^ use of unresolved module or unlinked crate `spark_note_core`
  |
help: there is a crate or module with a similar name
  |
5 - use spark_note_core::secret::Secret;
5 + use spark_note_sdk::secret::Secret;
  |

error: aborting due to 3 previous errors

For more information about this error, try `rustc --explain E0433`.
Couldn't compile the test.
---- spark-note-core/src/nullifier.rs - nullifier::check_multiple_nullifiers (line 101) stdout ----
error[E0433]: failed to resolve: use of unresolved module or unlinked crate `spark_note_core`
 --> spark-note-core/src/nullifier.rs:103:5
  |
4 | use spark_note_core::nullifier::check_multiple_nullifiers;
  |     ^^^^^^^^^^^^^^^ use of unresolved module or unlinked crate `spark_note_core`
  |
help: there is a crate or module with a similar name
  |
4 - use spark_note_core::nullifier::check_multiple_nullifiers;
4 + use spark_note_sdk::nullifier::check_multiple_nullifiers;
  |

error: aborting due to 1 previous error

For more information about this error, try `rustc --explain E0433`.
Couldn't compile the test.

failures:
    spark-note-core/src/lib.rs - (line 15)
    spark-note-core/src/nullifier.rs - nullifier::check_multiple_nullifiers (line 101)
    spark-note-core/src/nullifier.rs - nullifier::mark_multiple_as_spent (line 133)

test result: FAILED. 0 passed; 3 failed; 0 ignored; 0 measured; 0 filtered out; finished in 0.08s

error: doctest failed, to rerun pass `--doc`
